Archive member included to satisfy reference by file (symbol)

/Applications/STM32CubeIDE.app/Contents/Eclipse/plugins/com.st.stm32cube.ide.mcu.externaltools.gnu-tools-for-stm32.13.3.rel1.macos64_1.0.100.202509120712/tools/bin/../lib/gcc/arm-none-eabi/13.3.1/../../../../arm-none-eabi/lib/thumb/v7-m/nofp/libc_nano.a(libc_a-exit.o)
                              /Applications/STM32CubeIDE.app/Contents/Eclipse/plugins/com.st.stm32cube.ide.mcu.externaltools.gnu-tools-for-stm32.13.3.rel1.macos64_1.0.100.202509120712/tools/bin/../lib/gcc/arm-none-eabi/13.3.1/../../../../arm-none-eabi/lib/thumb/v7-m/nofp/crt0.o (exit)
/Applications/STM32CubeIDE.app/Contents/Eclipse/plugins/com.st.stm32cube.ide.mcu.externaltools.gnu-tools-for-stm32.13.3.rel1.macos64_1.0.100.202509120712/tools/bin/../lib/gcc/arm-none-eabi/13.3.1/../../../../arm-none-eabi/lib/thumb/v7-m/nofp/libc_nano.a(libc_a-findfp.o)
                              /Applications/STM32CubeIDE.app/Contents/Eclipse/plugins/com.st.stm32cube.ide.mcu.externaltools.gnu-tools-for-stm32.13.3.rel1.macos64_1.0.100.202509120712/tools/bin/../lib/gcc/arm-none-eabi/13.3.1/../../../../arm-none-eabi/lib/thumb/v7-m/nofp/libc_nano.a(libc_a-exit.o) (__stdio_exit_handler)
/Applications/STM32CubeIDE.app/Contents/Eclipse/plugins/com.st.stm32cube.ide.mcu.externaltools.gnu-tools-for-stm32.13.3.rel1.macos64_1.0.100.202509120712/tools/bin/../lib/gcc/arm-none-eabi/13.3.1/../../../../arm-none-eabi/lib/thumb/v7-m/nofp/libc_nano.a(libc_a-fwalk.o)
                              /Applications/STM32CubeIDE.app/Contents/Eclipse/plugins/com.st.stm32cube.ide.mcu.externaltools.gnu-tools-for-stm32.13.3.rel1.macos64_1.0.100.202509120712/tools/bin/../lib/gcc/arm-none-eabi/13.3.1/../../../../arm-none-eabi/lib/thumb/v7-m/nofp/libc_nano.a(libc_a-findfp.o) (_fwalk_sglue)
/Applications/STM32CubeIDE.app/Contents/Eclipse/plugins/com.st.stm32cube.ide.mcu.externaltools.gnu-tools-for-stm32.13.3.rel1.macos64_1.0.100.202509120712/tools/bin/../lib/gcc/arm-none-eabi/13.3.1/../../../../arm-none-eabi/lib/thumb/v7-m/nofp/libc_nano.a(libc_a-memset.o)
                              /Applications/STM32CubeIDE.app/Contents/Eclipse/plugins/com.st.stm32cube.ide.mcu.externaltools.gnu-tools-for-stm32.13.3.rel1.macos64_1.0.100.202509120712/tools/bin/../lib/gcc/arm-none-eabi/13.3.1/../../../../arm-none-eabi/lib/thumb/v7-m/nofp/crt0.o (memset)
/Applications/STM32CubeIDE.app/Contents/Eclipse/plugins/com.st.stm32cube.ide.mcu.externaltools.gnu-tools-for-stm32.13.3.rel1.macos64_1.0.100.202509120712/tools/bin/../lib/gcc/arm-none-eabi/13.3.1/../../../../arm-none-eabi/lib/thumb/v7-m/nofp/libc_nano.a(libc_a-errno.o)
                              ./Src/syscalls.o (__errno)
/Applications/STM32CubeIDE.app/Contents/Eclipse/plugins/com.st.stm32cube.ide.mcu.externaltools.gnu-tools-for-stm32.13.3.rel1.macos64_1.0.100.202509120712/tools/bin/../lib/gcc/arm-none-eabi/13.3.1/../../../../arm-none-eabi/lib/thumb/v7-m/nofp/libc_nano.a(libc_a-init.o)
                              /Applications/STM32CubeIDE.app/Contents/Eclipse/plugins/com.st.stm32cube.ide.mcu.externaltools.gnu-tools-for-stm32.13.3.rel1.macos64_1.0.100.202509120712/tools/bin/../lib/gcc/arm-none-eabi/13.3.1/../../../../arm-none-eabi/lib/thumb/v7-m/nofp/crt0.o (__libc_init_array)
/Applications/STM32CubeIDE.app/Contents/Eclipse/plugins/com.st.stm32cube.ide.mcu.externaltools.gnu-tools-for-stm32.13.3.rel1.macos64_1.0.100.202509120712/tools/bin/../lib/gcc/arm-none-eabi/13.3.1/../../../../arm-none-eabi/lib/thumb/v7-m/nofp/libc_nano.a(libc_a-lock.o)
                              /Applications/STM32CubeIDE.app/Contents/Eclipse/plugins/com.st.stm32cube.ide.mcu.externaltools.gnu-tools-for-stm32.13.3.rel1.macos64_1.0.100.202509120712/tools/bin/../lib/gcc/arm-none-eabi/13.3.1/../../../../arm-none-eabi/lib/thumb/v7-m/nofp/libc_nano.a(libc_a-findfp.o) (__retarget_lock_init_recursive)
/Applications/STM32CubeIDE.app/Contents/Eclipse/plugins/com.st.stm32cube.ide.mcu.externaltools.gnu-tools-for-stm32.13.3.rel1.macos64_1.0.100.202509120712/tools/bin/../lib/gcc/arm-none-eabi/13.3.1/../../../../arm-none-eabi/lib/thumb/v7-m/nofp/libc_nano.a(libc_a-impure.o)
                              /Applications/STM32CubeIDE.app/Contents/Eclipse/plugins/com.st.stm32cube.ide.mcu.externaltools.gnu-tools-for-stm32.13.3.rel1.macos64_1.0.100.202509120712/tools/bin/../lib/gcc/arm-none-eabi/13.3.1/../../../../arm-none-eabi/lib/thumb/v7-m/nofp/libc_nano.a(libc_a-errno.o) (_impure_ptr)
/Applications/STM32CubeIDE.app/Contents/Eclipse/plugins/com.st.stm32cube.ide.mcu.externaltools.gnu-tools-for-stm32.13.3.rel1.macos64_1.0.100.202509120712/tools/bin/../lib/gcc/arm-none-eabi/13.3.1/../../../../arm-none-eabi/lib/thumb/v7-m/nofp/libc_nano.a(libc_a-memcpy-stub.o)
                              ./Src/bluetooth.o (memcpy)
[...]
Memory Configuration

Name             Origin             Length             Attributes
RAM              0x20000000         0x00005000         xrw
FLASH            0x08000000         0x00020000         xr
*default*        0x00000000         0xffffffff

Linker script and memory map

LOAD /Applications/STM32CubeIDE.app/Contents/Eclipse/plugins/com.st.stm32cube.ide.mcu.externaltools.gnu-tools-for-stm32.13.3.rel1.macos64_1.0.100.202509120712/tools/bin/../lib/gcc/arm-none-eabi/13.3.1/thumb/v7-m/nofp/crti.o
LOAD /Applications/STM32CubeIDE.app/Contents/Eclipse/plugins/com.st.stm32cube.ide.mcu.externaltools.gnu-tools-for-stm32.13.3.rel1.macos64_1.0.100.202509120712/tools/bin/../lib/gcc/arm-none-eabi/13.3.1/thumb/v7-m/nofp/crtbegin.o
LOAD /Applications/STM32CubeIDE.app/Contents/Eclipse/plugins/com.st.stm32cube.ide.mcu.externaltools.gnu-tools-for-stm32.13.3.rel1.macos64_1.0.100.202509120712/tools/bin/../lib/gcc/arm-none-eabi/13.3.1/../../../../arm-none-eabi/lib/thumb/v7-m/nofp/crt0.o
LOAD ./Src/bluetooth.o
LOAD ./Src/debug.o
LOAD ./Src/deviceCtrl.o
LOAD ./Src/main.o
LOAD ./Src/servo.o
LOAD ./Src/syscalls.o
LOAD ./Src/sysmem.o
LOAD ./Src/util.o
LOAD ./Startup/startup_stm32f103rbtx.o
LOAD ./driver/buffer.o
LOAD ./driver/drv_gpio.o
LOAD ./driver/drv_i2c.o
LOAD ./driver/drv_rcc.o
LOAD ./driver/drv_timer.o
LOAD ./driver/drv_uart.o
LOAD ./driver/interrupt.o
START GROUP
LOAD /Applications/STM32CubeIDE.app/Contents/Eclipse/plugins/com.st.stm32cube.ide.mcu.externaltools.gnu-tools-for-stm32.13.3.rel1.macos64_1.0.100.202509120712/tools/bin/../lib/gcc/arm-none-eabi/13.3.1/../../../../arm-none-eabi/lib/thumb/v7-m/nofp/libc_nano.a
LOAD /Applications/STM32CubeIDE.app/Contents/Eclipse/plugins/com.st.stm32cube.ide.mcu.externaltools.gnu-tools-for-stm32.13.3.rel1.macos64_1.0.100.202509120712/tools/bin/../lib/gcc/arm-none-eabi/13.3.1/../../../../arm-none-eabi/lib/thumb/v7-m/nofp/libm.a
END GROUP
START GROUP
LOAD /Applications/STM32CubeIDE.app/Contents/Eclipse/plugins/com.st.stm32cube.ide.mcu.externaltools.gnu-tools-for-stm32.13.3.rel1.macos64_1.0.100.202509120712/tools/bin/../lib/gcc/arm-none-eabi/13.3.1/thumb/v7-m/nofp/libgcc.a
LOAD /Applications/STM32CubeIDE.app/Contents/Eclipse/plugins/com.st.stm32cube.ide.mcu.externaltools.gnu-tools-for-stm32.13.3.rel1.macos64_1.0.100.202509120712/tools/bin/../lib/gcc/arm-none-eabi/13.3.1/../../../../arm-none-eabi/lib/thumb/v7-m/nofp/libc_nano.a
END GROUP
START GROUP
LOAD /Applications/STM32CubeIDE.app/Contents/Eclipse/plugins/com.st.stm32cube.ide.mcu.externaltools.gnu-tools-for-stm32.13.3.rel1.macos64_1.0.100.202509120712/tools/bin/../lib/gcc/arm-none-eabi/13.3.1/thumb/v7-m/nofp/libgcc.a
LOAD /Applications/STM32CubeIDE.app/Contents/Eclipse/plugins/com.st.stm32cube.ide.mcu.externaltools.gnu-tools-for-stm32.13.3.rel1.macos64_1.0.100.202509120712/tools/bin/../lib/gcc/arm-none-eabi/13.3.1/../../../../arm-none-eabi/lib/thumb/v7-m/nofp/libc_nano.a
LOAD /Applications/STM32CubeIDE.app/Contents/Eclipse/plugins/com.st.stm32cube.ide.mcu.externaltools.gnu-tools-for-stm32.13.3.rel1.macos64_1.0.100.202509120712/tools/bin/../lib/gcc/arm-none-eabi/13.3.1/../../../../arm-none-eabi/lib/thumb/v7-m/nofp/libnosys.a
END GROUP
START GROUP
LOAD /Applications/STM32CubeIDE.app/Contents/Eclipse/plugins/com.st.stm32cube.ide.mcu.externaltools.gnu-tools-for-stm32.13.3.rel1.macos64_1.0.100.202509120712/tools/bin/../lib/gcc/arm-none-eabi/13.3.1/thumb/v7-m/nofp/libgcc.a
LOAD /Applications/STM32CubeIDE.app/Contents/Eclipse/plugins/com.st.stm32cube.ide.mcu.externaltools.gnu-tools-for-stm32.13.3.rel1.macos64_1.0.100.202509120712/tools/bin/../lib/gcc/arm-none-eabi/13.3.1/../../../../arm-none-eabi/lib/thumb/v7-m/nofp/libc_nano.a
LOAD /Applications/STM32CubeIDE.app/Contents/Eclipse/plugins/com.st.stm32cube.ide.mcu.externaltools.gnu-tools-for-stm32.13.3.rel1.macos64_1.0.100.202509120712/tools/bin/../lib/gcc/arm-none-eabi/13.3.1/../../../../arm-none-eabi/lib/thumb/v7-m/nofp/libnosys.a
END GROUP
LOAD /Applications/STM32CubeIDE.app/Contents/Eclipse/plugins/com.st.stm32cube.ide.mcu.externaltools.gnu-tools-for-stm32.13.3.rel1.macos64_1.0.100.202509120712/tools/bin/../lib/gcc/arm-none-eabi/13.3.1/thumb/v7-m/nofp/crtend.o
LOAD /Applications/STM32CubeIDE.app/Contents/Eclipse/plugins/com.st.stm32cube.ide.mcu.externaltools.gnu-tools-for-stm32.13.3.rel1.macos64_1.0.100.202509120712/tools/bin/../lib/gcc/arm-none-eabi/13.3.1/thumb/v7-m/nofp/crtn.o
                0x20005000                        _estack = (ORIGIN (RAM) + LENGTH (RAM))
                0x00000200                        _Min_Heap_Size = 0x200
                0x00000400                        _Min_Stack_Size = 0x400

.isr_vector     0x08000000      0x130
                0x08000000                        . = ALIGN (0x4)
 *(.isr_vector)
 .isr_vector    0x08000000      0x130 ./Startup/startup_stm32f103rbtx.o
                0x08000000                g_pfnVectors
                0x08000130                        . = ALIGN (0x4)

.text           0x08000130     0x12b4
                0x08000130                        . = ALIGN (0x4)
 *(.text)
 .text          0x08000130       0x40 /Applications/STM32CubeIDE.app/Contents/Eclipse/plugins/com.st.stm32cube.ide.mcu.externaltools.gnu-tools-for-stm32.13.3.rel1.macos64_1.0.100.202509120712/tools/bin/../lib/gcc/arm-none-eabi/13.3.1/thumb/v7-m/nofp/crtbegin.o
 .text          0x08000170      0x21c /Applications/STM32CubeIDE.app/Contents/Eclipse/plugins/com.st.stm32cube.ide.mcu.externaltools.gnu-tools-for-stm32.13.3.rel1.macos64_1.0.100.202509120712/tools/bin/../lib/gcc/arm-none-eabi/13.3.1/thumb/v7-m/nofp/libgcc.a(_arm_addsubsf3.o)
                0x08000170                __aeabi_frsub
                0x08000178                __aeabi_fsub
                0x08000178                __subsf3
                0x0800017c                __aeabi_fadd
                0x0800017c                __addsf3
                0x080002dc                __aeabi_ui2f
                0x080002dc                __floatunsisf
                0x080002e4                __floatsisf
                0x080002e4                __aeabi_i2f
                0x08000300                __aeabi_ul2f
                0x08000300                __floatundisf
                0x08000310                __aeabi_l2f
                0x08000310                __floatdisf
 .text          0x0800038c      0x2a0 /Applications/STM32CubeIDE.app/Contents/Eclipse/plugins/com.st.stm32cube.ide.mcu.externaltools.gnu-tools-for-stm32.13.3.rel1.macos64_1.0.100.202509120712/tools/bin/../lib/gcc/arm-none-eabi/13.3.1/thumb/v7-m/nofp/libgcc.a(_arm_muldivsf3.o)
                0x0800038c                __mulsf3
                0x0800038c                __aeabi_fmul
                0x080004f4                __divsf3
                0x080004f4                __aeabi_fdiv
 .text          0x0800062c       0x40 /Applications/STM32CubeIDE.app/Contents/Eclipse/plugins/com.st.stm32cube.ide.mcu.externaltools.gnu-tools-for-stm32.13.3.rel1.macos64_1.0.100.202509120712/tools/bin/../lib/gcc/arm-none-eabi/13.3.1/thumb/v7-m/nofp/libgcc.a(_arm_fixunssfsi.o)
                0x0800062c                __aeabi_f2uiz
                0x0800062c                __fixunssfsi
 *(.text*)
 .text.blue_init
                0x0800066c        0xc ./Src/bluetooth.o
                0x0800066c                blue_init
 .text.blue_send_queue_data
                0x08000678       0x74 ./Src/bluetooth.o
                0x08000678                blue_send_queue_data
 .text.uart_cmd_mode
                0x080006ec       0xa0 ./Src/debug.o
                0x080006ec                uart_cmd_mode
 .text.servo_module_init
                0x0800078c       0x40 ./Src/main.o
                0x0800078c                servo_module_init
 .text.bluetooth_module_init
                0x080007cc       0x34 ./Src/main.o
                0x080007cc                bluetooth_module_init
 .text.IF_buffer_init
                0x08000800       0x1c ./Src/main.o
                0x08000800                IF_buffer_init
 .text.drv_init
                0x0800081c       0x60 ./Src/main.o
                0x0800081c                drv_init
 .text.main     0x0800087c       0x38 ./Src/main.o
                0x0800087c                main
 .text.Reset_Handler
                0x080008b4       0x50 ./Startup/startup_stm32f103rbtx.o
                0x080008b4                Reset_Handler
 .text.Default_Handler
                0x08000904        0x2 ./Startup/startup_stm32f103rbtx.o
                0x08000904                DMA2_Channel3_IRQHandler
                0x08000904                TIM8_TRG_COM_IRQHandler
                0x08000904                TIM8_CC_IRQHandler
                0x08000904                DebugMon_Handler
                0x08000904                TIM1_CC_IRQHandler
                0x08000904                TIM6_IRQHandler
                0x08000904                PVD_IRQHandler
                0x08000904                SDIO_IRQHandler
                0x08000904                PendSV_Handler
                0x08000904                NMI_Handler
                0x08000904                EXTI3_IRQHandler
                0x08000904                USB_HP_CAN_TX_IRQHandler
                0x08000904                EXTI0_IRQHandler
                0x08000904                I2C2_EV_IRQHandler
                0x08000904                UsageFault_Handler
                0x08000904                ADC1_2_IRQHandler
                0x08000904                SPI1_IRQHandler
                0x08000904                CAN_SCE_IRQHandler
                0x08000904                TAMPER_IRQHandler
                0x08000904                TIM8_UP_IRQHandler
                0x08000904                DMA2_Channel2_IRQHandler
                0x08000904                DMA1_Channel4_IRQHandler
                0x08000904                RTC_IRQHandler
                0x08000904                DMA1_Channel7_IRQHandler
                0x08000904                UART5_IRQHandler
                0x08000904                ADC3_IRQHandler
                0x08000904                TIM4_IRQHandler
                0x08000904                CAN_RX1_IRQHandler
                0x08000904                DMA2_Channel1_IRQHandler
                0x08000904                I2C1_EV_IRQHandler
                0x08000904                DMA1_Channel6_IRQHandler
                0x08000904                UART4_IRQHandler
                0x08000904                TIM3_IRQHandler
                0x08000904                RCC_IRQHandler
                0x08000904                TIM1_TRG_COM_IRQHandler
                0x08000904                DMA1_Channel1_IRQHandler
                0x08000904                Default_Handler
                0x08000904                EXTI15_10_IRQHandler
                0x08000904                TIM7_IRQHandler
                0x08000904                TIM5_IRQHandler
                0x08000904                EXTI9_5_IRQHandler
                0x08000904                SPI2_IRQHandler
                0x08000904                USB_LP_CAN_RX0_IRQHandler
                0x08000904                MemManage_Handler
                0x08000904                SVC_Handler
                0x08000904                DMA1_Channel5_IRQHandler
                0x08000904                EXTI4_IRQHandler
                0x08000904                DMA1_Channel3_IRQHandler
                0x08000904                FSMC_IRQHandler
                0x08000904                WWDG_IRQHandler
                0x08000904                TIM1_BRK_IRQHandler
                0x08000904                EXTI1_IRQHandler
                0x08000904                RTCAlarm_IRQHandler
                0x08000904                DMA2_Channel4_5_IRQHandler
                0x08000904                I2C2_ER_IRQHandler
                0x08000904                DMA1_Channel2_IRQHandler
                0x08000904                TIM8_BRK_IRQHandler
                0x08000904                FLASH_IRQHandler
                0x08000904                BusFault_Handler
                0x08000904                USART1_IRQHandler
                0x08000904                SPI3_IRQHandler
                0x08000904                I2C1_ER_IRQHandler
                0x08000904                EXTI2_IRQHandler
 .text.CQ_init  0x08000906       0x1e ./driver/buffer.o
                0x08000906                CQ_init
 .text.CQ_is_empty
                0x08000924       0x28 ./driver/buffer.o
                0x08000924                CQ_is_empty
 .text.CQ_is_full
                0x0800094c       0x38 ./driver/buffer.o
                0x0800094c                CQ_is_full
 .text.CQ_enqueue
                0x08000984       0x52 ./driver/buffer.o
                0x08000984                CQ_enqueue
 .text.CQ_dequeue
                0x080009d6       0x4c ./driver/buffer.o
                0x080009d6                CQ_dequeue
 .text.CQ_buf_clear
                0x08000a22       0x1e ./driver/buffer.o
                0x08000a22                CQ_buf_clear
 .text.CQ_get_buf_len
                0x08000a40       0x46 ./driver/buffer.o
                0x08000a40                CQ_get_buf_len
 *fill*         0x08000a86        0x2 
 .text.gpio_clk_enb
                0x08000a88       0x34 ./driver/drv_gpio.o
                0x08000a88                gpio_clk_enb
 .text.set_gpio
                0x08000abc       0x96 ./driver/drv_gpio.o
                0x08000abc                set_gpio
 *fill*         0x08000b52        0x2 
 .text.gpio_set_bit
                0x08000b54       0x50 ./driver/drv_gpio.o
                0x08000b54                gpio_set_bit
 .text.is_output_pin
                0x08000ba4       0x56 ./driver/drv_gpio.o
                0x08000ba4                is_output_pin
 *fill*         0x08000bfa        0x2 
 .text.SysTick_Init_IRQ
                0x08000bfc       0x38 ./driver/drv_rcc.o
                0x08000bfc                SysTick_Init_IRQ
 .text.SysTick_Handler
                0x08000c34       0x1c ./driver/drv_rcc.o
                0x08000c34                SysTick_Handler
 .text.delay_ms_irq
                0x08000c50       0x30 ./driver/drv_rcc.o
                0x08000c50                delay_ms_irq
 .text.RCC_init
                0x08000c80       0xf4 ./driver/drv_rcc.o
                0x08000c80                RCC_init
 .text.TIM_Base_Init
                0x08000d74       0xb8 ./driver/drv_timer.o
                0x08000d74                TIM_Base_Init
 .text.TIM_PWM_Config
                0x08000e2c      0x150 ./driver/drv_timer.o
                0x08000e2c                TIM_PWM_Config
 .text.TIM_PWM_Init
                0x08000f7c       0x48 ./driver/drv_timer.o
                0x08000f7c                TIM_PWM_Init
 .text.TIM_PWM_Start
                0x08000fc4       0x22 ./driver/drv_timer.o
                0x08000fc4                TIM_PWM_Start
 *fill*         0x08000fe6        0x2 
 .text.__NVIC_EnableIRQ
                0x08000fe8       0x38 ./driver/drv_uart.o
 .text.uart_init
                0x08001020       0xa4 ./driver/drv_uart.o
                0x08001020                uart_init
 .text.calculrate_buad_rate
                0x080010c4       0x8c ./driver/drv_uart.o
                0x080010c4                calculrate_buad_rate
 .text.uart_send_data
                0x08001150       0x5c ./driver/drv_uart.o
                0x08001150                uart_send_data
 .text.uart3_rx_callback_fucn
                0x080011ac       0x64 ./driver/drv_uart.o
                0x080011ac                uart3_rx_callback_fucn
 .text.uart_rx_callback_fucn
                0x08001210       0x68 ./driver/drv_uart.o
                0x08001210                uart_rx_callback_fucn
 .text.USART2_IRQHandler
                0x08001278        0xc ./driver/interrupt.o
                0x08001278                USART2_IRQHandler
 .text.USART3_IRQHandler
                0x08001284        0xc ./driver/interrupt.o
                0x08001284                USART3_IRQHandler
 .text.HardFault_Handler
                0x08001290        0x8 ./driver/interrupt.o
                0x08001290                HardFault_Handler
 .text.TIM1_UP_IRQHandler
                0x08001298       0x68 ./driver/interrupt.o
                0x08001298                TIM1_UP_IRQHandler
 .text.TIM2_IRQHandler
                0x08001300       0x68 ./driver/interrupt.o
                0x08001300                TIM2_IRQHandler
 .text.__libc_init_array
                0x08001368       0x48 /Applications/STM32CubeIDE.app/Contents/Eclipse/plugins/com.st.stm32cube.ide.mcu.externaltools.gnu-tools-for-stm32.13.3.rel1.macos64_1.0.100.202509120712/tools/bin/../lib/gcc/arm-none-eabi/13.3.1/../../../../arm-none-eabi/lib/thumb/v7-m/nofp/libc_nano.a(libc_a-init.o)
                0x08001368                __libc_init_array
 .text.memcpy   0x080013b0       0x1c /Applications/STM32CubeIDE.app/Contents/Eclipse/plugins/com.st.stm32cube.ide.mcu.externaltools.gnu-tools-for-stm32.13.3.rel1.macos64_1.0.100.202509120712/tools/bin/../lib/gcc/arm-none-eabi/13.3.1/../../../../arm-none-eabi/lib/thumb/v7-m/nofp/libc_nano.a(libc_a-memcpy-stub.o)
                0x080013b0                memcpy
 *(.glue_7)
 .glue_7        0x080013cc        0x0 linker stubs
 *(.glue_7t)
 .glue_7t       0x080013cc        0x0 linker stubs
 *(.eh_frame)
 .eh_frame      0x080013cc        0x0 /Applications/STM32CubeIDE.app/Contents/Eclipse/plugins/com.st.stm32cube.ide.mcu.externaltools.gnu-tools-for-stm32.13.3.rel1.macos64_1.0.100.202509120712/tools/bin/../lib/gcc/arm-none-eabi/13.3.1/thumb/v7-m/nofp/crtbegin.o
 *(.init)
 .init          0x080013cc        0x4 /Applications/STM32CubeIDE.app/Contents/Eclipse/plugins/com.st.stm32cube.ide.mcu.externaltools.gnu-tools-for-stm32.13.3.rel1.macos64_1.0.100.202509120712/tools/bin/../lib/gcc/arm-none-eabi/13.3.1/thumb/v7-m/nofp/crti.o
                0x080013cc                _init
 .init          0x080013d0        0x8 /Applications/STM32CubeIDE.app/Contents/Eclipse/plugins/com.st.stm32cube.ide.mcu.externaltools.gnu-tools-for-stm32.13.3.rel1.macos64_1.0.100.202509120712/tools/bin/../lib/gcc/arm-none-eabi/13.3.1/thumb/v7-m/nofp/crtn.o
 *(.fini)
 .fini          0x080013d8        0x4 /Applications/STM32CubeIDE.app/Contents/Eclipse/plugins/com.st.stm32cube.ide.mcu.externaltools.gnu-tools-for-stm32.13.3.rel1.macos64_1.0.100.202509120712/tools/bin/../lib/gcc/arm-none-eabi/13.3.1/thumb/v7-m/nofp/crti.o
                0x080013d8                _fini
 .fini          0x080013dc        0x8 /Applications/STM32CubeIDE.app/Contents/Eclipse/plugins/com.st.stm32cube.ide.mcu.externaltools.gnu-tools-for-stm32.13.3.rel1.macos64_1.0.100.202509120712/tools/bin/../lib/gcc/arm-none-eabi/13.3.1/thumb/v7-m/nofp/crtn.o
                0x080013e4                        . = ALIGN (0x4)
                0x080013e4                        _etext = .

.vfp11_veneer   0x080013e4        0x0
 .vfp11_veneer  0x080013e4        0x0 linker stubs

.v4_bx          0x080013e4        0x0
 .v4_bx         0x080013e4        0x0 linker stubs

.iplt           0x080013e4        0x0
 .iplt          0x080013e4        0x0 /Applications/STM32CubeIDE.app/Contents/Eclipse/plugins/com.st.stm32cube.ide.mcu.externaltools.gnu-tools-for-stm32.13.3.rel1.macos64_1.0.100.202509120712/tools/bin/../lib/gcc/arm-none-eabi/13.3.1/thumb/v7-m/nofp/crtbegin.o

.rodata         0x080013e4       0x44
                0x080013e4                        . = ALIGN (0x4)
 *(.rodata)
 .rodata        0x080013e4       0x23 ./Src/debug.o
 *fill*         0x08001407        0x1 
 .rodata        0x08001408       0x1f ./Src/main.o
 *(.rodata*)
                0x08001428                        . = ALIGN (0x4)
 *fill*         0x08001427        0x1 

.ARM.extab      0x08001428        0x0
                0x08001428                        . = ALIGN (0x4)
 *(.ARM.extab* .gnu.linkonce.armextab.*)
                0x08001428                        . = ALIGN (0x4)

.ARM            0x08001428        0x0
                0x08001428                        . = ALIGN (0x4)
                0x08001428                        __exidx_start = .
 *(.ARM.exidx*)
                0x08001428                        __exidx_end = .
                0x08001428                        . = ALIGN (0x4)

.preinit_array  0x08001428        0x0
                0x08001428                        . = ALIGN (0x4)
                0x08001428                        PROVIDE (__preinit_array_start = .)
 *(.preinit_array*)
                0x08001428                        PROVIDE (__preinit_array_end = .)
                0x08001428                        . = ALIGN (0x4)

.init_array     0x08001428        0x4
                0x08001428                        . = ALIGN (0x4)
                0x08001428                        PROVIDE (__init_array_start = .)
 *(SORT_BY_NAME(.init_array.*))
 *(.init_array*)
 .init_array    0x08001428        0x4 /Applications/STM32CubeIDE.app/Contents/Eclipse/plugins/com.st.stm32cube.ide.mcu.externaltools.gnu-tools-for-stm32.13.3.rel1.macos64_1.0.100.202509120712/tools/bin/../lib/gcc/arm-none-eabi/13.3.1/thumb/v7-m/nofp/crtbegin.o
                0x0800142c                        PROVIDE (__init_array_end = .)
                0x0800142c                        . = ALIGN (0x4)

.fini_array     0x0800142c        0x4
                0x0800142c                        . = ALIGN (0x4)
                [!provide]                        PROVIDE (__fini_array_start = .)
 *(SORT_BY_NAME(.fini_array.*))
 *(.fini_array*)
 .fini_array    0x0800142c        0x4 /Applications/STM32CubeIDE.app/Contents/Eclipse/plugins/com.st.stm32cube.ide.mcu.externaltools.gnu-tools-for-stm32.13.3.rel1.macos64_1.0.100.202509120712/tools/bin/../lib/gcc/arm-none-eabi/13.3.1/thumb/v7-m/nofp/crtbegin.o
                [!provide]                        PROVIDE (__fini_array_end = .)
                0x08001430                        . = ALIGN (0x4)
                0x08001430                        _sidata = LOADADDR (.data)

.rel.dyn        0x08001430        0x0
 .rel.iplt      0x08001430        0x0 /Applications/STM32CubeIDE.app/Contents/Eclipse/plugins/com.st.stm32cube.ide.mcu.externaltools.gnu-tools-for-stm32.13.3.rel1.macos64_1.0.100.202509120712/tools/bin/../lib/gcc/arm-none-eabi/13.3.1/thumb/v7-m/nofp/crtbegin.o

.data           0x20000000        0x4 load address 0x08001430
                0x20000000                        . = ALIGN (0x4)
                0x20000000                        _sdata = .
 *(.data)
 *(.data*)
 .data.servo_state
                0x20000000        0x1 ./driver/interrupt.o
 *(.RamFunc)
 *(.RamFunc*)
                0x20000004                        . = ALIGN (0x4)
 *fill*         0x20000001        0x3 
                0x20000004                        _edata = .

.igot.plt       0x20000004        0x0 load address 0x08001434
 .igot.plt      0x20000004        0x0 /Applications/STM32CubeIDE.app/Contents/Eclipse/plugins/com.st.stm32cube.ide.mcu.externaltools.gnu-tools-for-stm32.13.3.rel1.macos64_1.0.100.202509120712/tools/bin/../lib/gcc/arm-none-eabi/13.3.1/thumb/v7-m/nofp/crtbegin.o
                0x20000004                        . = ALIGN (0x4)

.bss            0x20000004       0xd0 load address 0x08001434
                0x20000004                        _sbss = .
                0x20000004                        __bss_start__ = _sbss
 *(.bss)
 .bss           0x20000004       0x1c /Applications/STM32CubeIDE.app/Contents/Eclipse/plugins/com.st.stm32cube.ide.mcu.externaltools.gnu-tools-for-stm32.13.3.rel1.macos64_1.0.100.202509120712/tools/bin/../lib/gcc/arm-none-eabi/13.3.1/thumb/v7-m/nofp/crtbegin.o
 *(.bss*)
 .bss.blue_buffer
                0x20000020       0x42 ./Src/main.o
                0x20000020                blue_buffer
 *fill*         0x20000062        0x2 
 .bss.uart_buffer
                0x20000064       0x42 ./Src/main.o
                0x20000064                uart_buffer
 *fill*         0x200000a6        0x2 
 .bss.Servo_Timer
                0x200000a8        0xc ./Src/main.o
                0x200000a8                Servo_Timer
 .bss.dConfig   0x200000b4       0x10 ./Src/main.o
                0x200000b4                dConfig
 .bss.uart_tx_ready_flg
                0x200000c4        0x1 ./Src/main.o
                0x200000c4                uart_tx_ready_flg
 .bss.blue_msg_ready_flg
                0x200000c5        0x1 ./Src/main.o
                0x200000c5                blue_msg_ready_flg
 *fill*         0x200000c6        0x2 
 .bss.systick_ms
                0x200000c8        0x4 ./driver/drv_rcc.o
 .bss.led_on    0x200000cc        0x1 ./driver/interrupt.o
 *fill*         0x200000cd        0x3 
 .bss.servo_count
                0x200000d0        0x4 ./driver/interrupt.o
 *(COMMON)
                0x200000d4                        . = ALIGN (0x4)
                0x200000d4                        _ebss = .
                0x200000d4                        __bss_end__ = _ebss

._user_heap_stack
                0x200000d4      0x604 load address 0x08001434
                0x200000d8                        . = ALIGN (0x8)
 *fill*         0x200000d4        0x4 
                [!provide]                        PROVIDE (end = .)
                0x200000d8                        PROVIDE (_end = .)
                0x200002d8                        . = (. + _Min_Heap_Size)
 *fill*         0x200000d8      0x200 
                0x200006d8                        . = (. + _Min_Stack_Size)
 *fill*         0x200002d8      0x400 
                0x200006d8                        . = ALIGN (0x8)

/DISCARD/
 libc.a(*)
 libm.a(*)
 libgcc.a(*)

.ARM.attributes
                0x00000000       0x29
 *(.ARM.attributes)
 .ARM.attributes
                0x00000000       0x1d /Applications/STM32CubeIDE.app/Contents/Eclipse/plugins/com.st.stm32cube.ide.mcu.externaltools.gnu-tools-for-stm32.13.3.rel1.macos64_1.0.100.202509120712/tools/bin/../lib/gcc/arm-none-eabi/13.3.1/thumb/v7-m/nofp/crti.o
 .ARM.attributes
                0x0000001d       0x2d /Applications/STM32CubeIDE.app/Contents/Eclipse/plugins/com.st.stm32cube.ide.mcu.externaltools.gnu-tools-for-stm32.13.3.rel1.macos64_1.0.100.202509120712/tools/bin/../lib/gcc/arm-none-eabi/13.3.1/thumb/v7-m/nofp/crtbegin.o
 .ARM.attributes
                0x0000004a       0x2d ./Src/bluetooth.o
 .ARM.attributes
                0x00000077       0x2d ./Src/debug.o
 .ARM.attributes
                0x000000a4       0x2d ./Src/main.o
 .ARM.attributes
                0x000000d1       0x21 ./Startup/startup_stm32f103rbtx.o
 .ARM.attributes
                0x000000f2       0x2d ./driver/buffer.o
 .ARM.attributes
                0x0000011f       0x2d ./driver/drv_gpio.o
 .ARM.attributes
                0x0000014c       0x2d ./driver/drv_rcc.o
 .ARM.attributes
                0x00000179       0x2d ./driver/drv_timer.o
 .ARM.attributes
                0x000001a6       0x2d ./driver/drv_uart.o
 .ARM.attributes
                0x000001d3       0x2d ./driver/interrupt.o
 .ARM.attributes
                0x00000200       0x2d /Applications/STM32CubeIDE.app/Contents/Eclipse/plugins/com.st.stm32cube.ide.mcu.externaltools.gnu-tools-for-stm32.13.3.rel1.macos64_1.0.100.202509120712/tools/bin/../lib/gcc/arm-none-eabi/13.3.1/../../../../arm-none-eabi/lib/thumb/v7-m/nofp/libc_nano.a(libc_a-init.o)
 .ARM.attributes
                0x0000022d       0x2d /Applications/STM32CubeIDE.app/Contents/Eclipse/plugins/com.st.stm32cube.ide.mcu.externaltools.gnu-tools-for-stm32.13.3.rel1.macos64_1.0.100.202509120712/tools/bin/../lib/gcc/arm-none-eabi/13.3.1/../../../../arm-none-eabi/lib/thumb/v7-m/nofp/libc_nano.a(libc_a-memcpy-stub.o)
 .ARM.attributes
                0x0000025a       0x1d /Applications/STM32CubeIDE.app/Contents/Eclipse/plugins/com.st.stm32cube.ide.mcu.externaltools.gnu-tools-for-stm32.13.3.rel1.macos64_1.0.100.202509120712/tools/bin/../lib/gcc/arm-none-eabi/13.3.1/thumb/v7-m/nofp/libgcc.a(_arm_addsubsf3.o)
 .ARM.attributes
                0x00000277       0x1d /Applications/STM32CubeIDE.app/Contents/Eclipse/plugins/com.st.stm32cube.ide.mcu.externaltools.gnu-tools-for-stm32.13.3.rel1.macos64_1.0.100.202509120712/tools/bin/../lib/gcc/arm-none-eabi/13.3.1/thumb/v7-m/nofp/libgcc.a(_arm_muldivsf3.o)
 .ARM.attributes
                0x00000294       0x1d /Applications/STM32CubeIDE.app/Contents/Eclipse/plugins/com.st.stm32cube.ide.mcu.externaltools.gnu-tools-for-stm32.13.3.rel1.macos64_1.0.100.202509120712/tools/bin/../lib/gcc/arm-none-eabi/13.3.1/thumb/v7-m/nofp/libgcc.a(_arm_fixunssfsi.o)
 .ARM.attributes
                0x000002b1       0x1d /Applications/STM32CubeIDE.app/Contents/Eclipse/plugins/com.st.stm32cube.ide.mcu.externaltools.gnu-tools-for-stm32.13.3.rel1.macos64_1.0.100.202509120712/tools/bin/../lib/gcc/arm-none-eabi/13.3.1/thumb/v7-m/nofp/crtn.o
OUTPUT(smartSwitch.elf elf32-littlearm)
LOAD linker stubs
LOAD /Applications/STM32CubeIDE.app/Contents/Eclipse/plugins/com.st.stm32cube.ide.mcu.externaltools.gnu-tools-for-stm32.13.3.rel1.macos64_1.0.100.202509120712/tools/bin/../lib/gcc/arm-none-eabi/13.3.1/../../../../arm-none-eabi/lib/thumb/v7-m/nofp/libc.a
LOAD /Applications/STM32CubeIDE.app/Contents/Eclipse/plugins/com.st.stm32cube.ide.mcu.externaltools.gnu-tools-for-stm32.13.3.rel1.macos64_1.0.100.202509120712/tools/bin/../lib/gcc/arm-none-eabi/13.3.1/../../../../arm-none-eabi/lib/thumb/v7-m/nofp/libm.a
LOAD /Applications/STM32CubeIDE.app/Contents/Eclipse/plugins/com.st.stm32cube.ide.mcu.externaltools.gnu-tools-for-stm32.13.3.rel1.macos64_1.0.100.202509120712/tools/bin/../lib/gcc/arm-none-eabi/13.3.1/thumb/v7-m/nofp/libgcc.a

.debug_info     0x00000000     0x2746
 .debug_info    0x00000000      0x3fc ./Src/bluetooth.o
 .debug_info    0x000003fc      0x1e6 ./Src/debug.o
 .debug_info    0x000005e2      0x70f ./Src/main.o
 .debug_info    0x00000cf1       0x30 ./Startup/startup_stm32f103rbtx.o
 .debug_info    0x00000d21      0x237 ./driver/buffer.o
 .debug_info    0x00000f58      0x305 ./driver/drv_gpio.o
 .debug_info    0x0000125d      0x5de ./driver/drv_rcc.o
 .debug_info    0x0000183b      0x43e ./driver/drv_timer.o
 .debug_info    0x00001c79      0x7a7 ./driver/drv_uart.o
 .debug_info    0x00002420      0x326 ./driver/interrupt.o

.debug_abbrev   0x00000000      0xe13
 .debug_abbrev  0x00000000      0x1e2 ./Src/bluetooth.o
 .debug_abbrev  0x000001e2      0x127 ./Src/debug.o
 .debug_abbrev  0x00000309      0x204 ./Src/main.o
 .debug_abbrev  0x0000050d       0x24 ./Startup/startup_stm32f103rbtx.o
 .debug_abbrev  0x00000531      0x112 ./driver/buffer.o
 .debug_abbrev  0x00000643      0x148 ./driver/drv_gpio.o
 .debug_abbrev  0x0000078b      0x1c1 ./driver/drv_rcc.o
 .debug_abbrev  0x0000094c      0x13a ./driver/drv_timer.o
 .debug_abbrev  0x00000a86      0x25e ./driver/drv_uart.o
 .debug_abbrev  0x00000ce4      0x12f ./driver/interrupt.o

.debug_aranges  0x00000000      0x2d0
 .debug_aranges
                0x00000000       0x48 ./Src/bluetooth.o
 .debug_aranges
                0x00000048       0x20 ./Src/debug.o
 .debug_aranges
                0x00000068       0x50 ./Src/main.o
 .debug_aranges
                0x000000b8       0x28 ./Startup/startup_stm32f103rbtx.o
 .debug_aranges
                0x000000e0       0x58 ./driver/buffer.o
 .debug_aranges
                0x00000138       0x58 ./driver/drv_gpio.o
 .debug_aranges
                0x00000190       0x70 ./driver/drv_rcc.o
 .debug_aranges
                0x00000200       0x48 ./driver/drv_timer.o
 .debug_aranges
                0x00000248       0x48 ./driver/drv_uart.o
 .debug_aranges
                0x00000290       0x40 ./driver/interrupt.o

.debug_rnglists
                0x00000000      0x1f2
 .debug_rnglists
                0x00000000       0x32 ./Src/bluetooth.o
 .debug_rnglists
                0x00000032       0x14 ./Src/debug.o
 .debug_rnglists
                0x00000046       0x37 ./Src/main.o
 .debug_rnglists
                0x0000007d       0x19 ./Startup/startup_stm32f103rbtx.o
 .debug_rnglists
                0x00000096       0x3d ./driver/buffer.o
 .debug_rnglists
                0x000000d3       0x3e ./driver/drv_gpio.o
 .debug_rnglists
                0x00000111       0x50 ./driver/drv_rcc.o
 .debug_rnglists
                0x00000161       0x33 ./driver/drv_timer.o
 .debug_rnglists
                0x00000194       0x33 ./driver/drv_uart.o
 .debug_rnglists
                0x000001c7       0x2b ./driver/interrupt.o

.debug_macro    0x00000000    0x10bb5
 .debug_macro   0x00000000      0x14a ./Src/bluetooth.o
 .debug_macro   0x0000014a      0xad8 ./Src/bluetooth.o
 .debug_macro   0x00000c22       0x22 ./Src/bluetooth.o
 .debug_macro   0x00000c44       0x22 ./Src/bluetooth.o
 .debug_macro   0x00000c66       0x8e ./Src/bluetooth.o
 .debug_macro   0x00000cf4       0x51 ./Src/bluetooth.o
 .debug_macro   0x00000d45      0x103 ./Src/bluetooth.o
 .debug_macro   0x00000e48       0x6a ./Src/bluetooth.o
 .debug_macro   0x00000eb2      0x1df ./Src/bluetooth.o
 .debug_macro   0x00001091       0x10 ./Src/bluetooth.o
 .debug_macro   0x000010a1       0x22 ./Src/bluetooth.o
 .debug_macro   0x000010c3       0x1c ./Src/bluetooth.o
 .debug_macro   0x000010df       0x22 ./Src/bluetooth.o
 .debug_macro   0x00001101       0xbd ./Src/bluetooth.o
 .debug_macro   0x000011be      0xd23 ./Src/bluetooth.o
 .debug_macro   0x00001ee1     0xe09e ./Src/bluetooth.o
 .debug_macro   0x0000ff7f       0x10 ./Src/bluetooth.o
 .debug_macro   0x0000ff8f       0xbe ./Src/bluetooth.o
 .debug_macro   0x0001004d       0x5e ./Src/bluetooth.o
 .debug_macro   0x000100ab      0x150 ./Src/debug.o
 .debug_macro   0x000101fb      0x14c ./Src/main.o
 .debug_macro   0x00010347       0x7c ./driver/buffer.o
 .debug_macro   0x000103c3       0xc5 ./driver/drv_gpio.o
 .debug_macro   0x00010488       0xb8 ./driver/drv_gpio.o
 .debug_macro   0x00010540       0xe1 ./driver/drv_rcc.o
 .debug_macro   0x00010621      0x197 ./driver/drv_timer.o
 .debug_macro   0x000107b8       0x16 ./driver/drv_timer.o
 .debug_macro   0x000107ce       0x9e ./driver/drv_timer.o
 .debug_macro   0x0001086c      0x112 ./driver/drv_timer.o
 .debug_macro   0x0001097e       0x16 ./driver/drv_timer.o
 .debug_macro   0x00010994      0x158 ./driver/drv_uart.o
 .debug_macro   0x00010aec       0xc9 ./driver/interrupt.o

.debug_line     0x00000000     0x37f5
 .debug_line    0x00000000      0x6c3 ./Src/bluetooth.o
 .debug_line    0x000006c3      0x561 ./Src/debug.o
 .debug_line    0x00000c24      0x629 ./Src/main.o
 .debug_line    0x0000124d       0x7b ./Startup/startup_stm32f103rbtx.o
 .debug_line    0x000012c8      0x4f6 ./driver/buffer.o
 .debug_line    0x000017be      0x5a6 ./driver/drv_gpio.o
 .debug_line    0x00001d64      0x6dd ./driver/drv_rcc.o
 .debug_line    0x00002441      0x7ae ./driver/drv_timer.o
 .debug_line    0x00002bef      0x6c4 ./driver/drv_uart.o
 .debug_line    0x000032b3      0x542 ./driver/interrupt.o

.debug_str      0x00000000    0x58a38
 .debug_str     0x00000000    0x58a38 ./Src/bluetooth.o
                              0x546fa (size before relaxing)
 .debug_str     0x00058a38        0x0 ./Src/debug.o
                              0x5461c (size before relaxing)
 .debug_str     0x00058a38        0x0 ./Src/main.o
                              0x5487a (size before relaxing)
 .debug_str     0x00058a38        0x0 ./Startup/startup_stm32f103rbtx.o
                                 0x75 (size before relaxing)
 .debug_str     0x00058a38        0x0 ./driver/buffer.o
                               0x3e68 (size before relaxing)
 .debug_str     0x00058a38        0x0 ./driver/drv_gpio.o
                              0x543eb (size before relaxing)
 .debug_str     0x00058a38        0x0 ./driver/drv_rcc.o
                              0x54252 (size before relaxing)
 .debug_str     0x00058a38        0x0 ./driver/drv_timer.o
                              0x57ca0 (size before relaxing)
 .debug_str     0x00058a38        0x0 ./driver/drv_uart.o
                              0x54b61 (size before relaxing)
 .debug_str     0x00058a38        0x0 ./driver/interrupt.o
                              0x543eb (size before relaxing)

.comment        0x00000000       0x43
 .comment       0x00000000       0x43 ./Src/bluetooth.o
                                 0x44 (size before relaxing)
 .comment       0x00000043        0x0 ./Src/debug.o
                                 0x44 (size before relaxing)
 .comment       0x00000043        0x0 ./Src/main.o
                                 0x44 (size before relaxing)
 .comment       0x00000043        0x0 ./driver/buffer.o
                                 0x44 (size before relaxing)
 .comment       0x00000043        0x0 ./driver/drv_gpio.o
                                 0x44 (size before relaxing)
 .comment       0x00000043        0x0 ./driver/drv_rcc.o
                                 0x44 (size before relaxing)
 .comment       0x00000043        0x0 ./driver/drv_timer.o
                                 0x44 (size before relaxing)
 .comment       0x00000043        0x0 ./driver/drv_uart.o
                                 0x44 (size before relaxing)
 .comment       0x00000043        0x0 ./driver/interrupt.o
                                 0x44 (size before relaxing)

.debug_frame    0x00000000      0x95c
 .debug_frame   0x00000000       0xe4 ./Src/bluetooth.o
 .debug_frame   0x000000e4       0x30 ./Src/debug.o
 .debug_frame   0x00000114       0xd8 ./Src/main.o
 .debug_frame   0x000001ec      0x144 ./driver/buffer.o
 .debug_frame   0x00000330      0x124 ./driver/drv_gpio.o
 .debug_frame   0x00000454      0x184 ./driver/drv_rcc.o
 .debug_frame   0x000005d8       0xfc ./driver/drv_timer.o
 .debug_frame   0x000006d4       0xf0 ./driver/drv_uart.o
 .debug_frame   0x000007c4       0x9c ./driver/interrupt.o
 .debug_frame   0x00000860       0x2c /Applications/STM32CubeIDE.app/Contents/Eclipse/plugins/com.st.stm32cube.ide.mcu.externaltools.gnu-tools-for-stm32.13.3.rel1.macos64_1.0.100.202509120712/tools/bin/../lib/gcc/arm-none-eabi/13.3.1/../../../../arm-none-eabi/lib/thumb/v7-m/nofp/libc_nano.a(libc_a-init.o)
 .debug_frame   0x0000088c       0x28 /Applications/STM32CubeIDE.app/Contents/Eclipse/plugins/com.st.stm32cube.ide.mcu.externaltools.gnu-tools-for-stm32.13.3.rel1.macos64_1.0.100.202509120712/tools/bin/../lib/gcc/arm-none-eabi/13.3.1/../../../../arm-none-eabi/lib/thumb/v7-m/nofp/libc_nano.a(libc_a-memcpy-stub.o)
 .debug_frame   0x000008b4       0x4c /Applications/STM32CubeIDE.app/Contents/Eclipse/plugins/com.st.stm32cube.ide.mcu.externaltools.gnu-tools-for-stm32.13.3.rel1.macos64_1.0.100.202509120712/tools/bin/../lib/gcc/arm-none-eabi/13.3.1/thumb/v7-m/nofp/libgcc.a(_arm_addsubsf3.o)
 .debug_frame   0x00000900       0x38 /Applications/STM32CubeIDE.app/Contents/Eclipse/plugins/com.st.stm32cube.ide.mcu.externaltools.gnu-tools-for-stm32.13.3.rel1.macos64_1.0.100.202509120712/tools/bin/../lib/gcc/arm-none-eabi/13.3.1/thumb/v7-m/nofp/libgcc.a(_arm_muldivsf3.o)
 .debug_frame   0x00000938       0x24 /Applications/STM32CubeIDE.app/Contents/Eclipse/plugins/com.st.stm32cube.ide.mcu.externaltools.gnu-tools-for-stm32.13.3.rel1.macos64_1.0.100.202509120712/tools/bin/../lib/gcc/arm-none-eabi/13.3.1/thumb/v7-m/nofp/libgcc.a(_arm_fixunssfsi.o)

.debug_line_str
                0x00000000       0x59
 .debug_line_str
                0x00000000       0x59 ./Startup/startup_stm32f103rbtx.o
